> Task :buildSrc:classes UP-TO-DATE
> Task :buildSrc:jar UP-TO-DATE
> Task :buildSrc:check UP-TO-DATE
> Task :buildSrc:build UP-TO-DATE
> Task :properties

------------------------------------------------------------
Root project 'dependency-diff-check'
------------------------------------------------------------

allprojects: [root project 'dependency-diff-check', project ':dependency-diff-check-client-starter', project ':dependency-diff-check-common-core', project ':dependency-diff-check-service']
ant: org.gradle.api.internal.project.DefaultAntBuilder@621917b2
antBuilderFactory: org.gradle.api.internal.project.DefaultAntBuilderFactory@4f704cf8
archivesBaseName: dependency-diff-check
artifacts: org.gradle.api.internal.artifacts.dsl.DefaultArtifactHandler_Decorated@d04f339
asDynamicObject: DynamicObject for root project 'dependency-diff-check'
autoTargetJvmDisabled: false
base: extension 'base'
baseClassLoaderScope: org.gradle.api.internal.initialization.DefaultClassLoaderScope@368ce918
buildDir: /Users/Ajmal.Kottilingal/dev/dependency-diff-check/build
buildFile: /Users/Ajmal.Kottilingal/dev/dependency-diff-check/build.gradle
buildPath: :
buildScriptSource: org.gradle.groovy.scripts.TextResourceScriptSource@1c82ccfc
buildscript: org.gradle.api.internal.initialization.DefaultScriptHandler@51584418
childProjects: {dependency-diff-check-client-starter=project ':dependency-diff-check-client-starter', dependency-diff-check-common-core=project ':dependency-diff-check-common-core', dependency-diff-check-service=project ':dependency-diff-check-service'}
class: class org.gradle.api.internal.project.DefaultProject_Decorated
classLoaderScope: org.gradle.api.internal.initialization.DefaultClassLoaderScope@4396a4c2
clean: task ':clean'
components: SoftwareComponentInternal set
configurationActions: org.gradle.configuration.project.DefaultProjectConfigurationActionContainer@7befe831
configurationTargetIdentifier: org.gradle.configuration.ConfigurationTargetIdentifier$1@2a7a0a7d
configurations: configuration container
convention: org.gradle.internal.extensibility.DefaultConvention@2015c6e2
crossProjectModelAccess: org.gradle.api.internal.project.DefaultCrossProjectModelAccess@33fe2e7c
defaultArtifacts: extension 'defaultArtifacts'
defaultTasks: []
deferredProjectConfiguration: org.gradle.api.internal.project.DeferredProjectConfiguration@3754e652
dependencies: org.gradle.api.internal.artifacts.dsl.dependencies.DefaultDependencyHandler_Decorated@4d872b27
dependencyFactory: org.gradle.api.internal.artifacts.DefaultDependencyFactory@43abc6a3
dependencyLocking: org.gradle.internal.locking.DefaultDependencyLockingHandler_Decorated@1e49d64
dependencyMetaDataProvider: org.gradle.internal.service.scopes.ProjectScopeServices$ProjectBackedModuleMetaDataProvider@11128d7c
depth: 0
description: null
detachedState: false
displayName: root project 'dependency-diff-check'
distsDirName: distributions
distsDirectory: extension 'base' property 'distsDirectory'
docsDir: /Users/Ajmal.Kottilingal/dev/dependency-diff-check/build/docs
docsDirName: docs
ext: org.gradle.internal.extensibility.DefaultExtraPropertiesExtension@6538526a
extensions: org.gradle.internal.extensibility.DefaultConvention@2015c6e2
fileOperations: org.gradle.api.internal.file.DefaultFileOperations@783b1eb0
fileResolver: org.gradle.api.internal.file.BaseDirFileResolver@5d11b36e
gradle: build 'dependency-diff-check'
group: com.ajmalab
identityPath: :
inheritedScope: org.gradle.internal.extensibility.ExtensibleDynamicObject$InheritedDynamicObject@586dbcdd
internalStatus: property(java.lang.Object, fixed(class java.lang.String, integration))
java: extension 'java'
javaToolchains: extension 'javaToolchains'
layout: org.gradle.api.internal.file.DefaultProjectLayout@7f610eb8
libsDirName: libs
libsDirectory: extension 'base' property 'libsDirectory'
listenerBuildOperationDecorator: org.gradle.configuration.internal.DefaultListenerBuildOperationDecorator@5f8f517a
logger: org.gradle.internal.logging.slf4j.OutputEventListenerBackedLogger@f551326
logging: org.gradle.internal.logging.services.DefaultLoggingManager@3a6bcd45
model: root project 'dependency-diff-check'
modelIdentityDisplayName: null
modelRegistry: org.gradle.model.internal.registry.DefaultModelRegistry@4d08007e
name: dependency-diff-check
normalization: org.gradle.normalization.internal.DefaultInputNormalizationHandler_Decorated@68299c24
objects: org.gradle.api.internal.model.DefaultObjectFactory@4f426e24
owner: root project 'dependency-diff-check'
parent: null
parentIdentifier: null
path: :
pluginContext: false
pluginManager: org.gradle.api.internal.plugins.DefaultPluginManager_Decorated@2ba7836c
plugins: [org.gradle.api.plugins.HelpTasksPlugin@35d8ae, org.gradle.buildinit.plugins.BuildInitPlugin@467bcaab, org.gradle.buildinit.plugins.WrapperPlugin@29da197f, org.gradle.language.base.plugins.LifecycleBasePlugin@63638b08, org.gradle.api.plugins.BasePlugin@30472ed9, org.gradle.api.plugins.JvmEcosystemPlugin@14d78514, org.gradle.api.plugins.ReportingBasePlugin@5450e474, org.gradle.api.plugins.JvmToolchainsPlugin@4c23a41e, org.gradle.api.plugins.JavaBasePlugin$Inject@796bc0a3, org.gradle.testing.base.plugins.TestSuiteBasePlugin@88de361, org.gradle.api.plugins.JvmTestSuitePlugin@20c59119, org.gradle.api.plugins.JavaPlugin@2d78e603, org.cyclonedx.gradle.CycloneDxPlugin@35ba3982]
processOperations: org.gradle.process.internal.DefaultExecActionFactory$DecoratingExecActionFactory@26216d96
project: root project 'dependency-diff-check'
projectConfigurator: org.gradle.api.internal.project.BuildOperationCrossProjectConfigurator@24d1dca
projectDir: /Users/Ajmal.Kottilingal/dev/dependency-diff-check
projectEvaluationBroadcaster: ProjectEvaluationListener broadcast
projectEvaluator: org.gradle.configuration.project.LifecycleProjectEvaluator@5e2270e9
projectPath: :
properties: {...}
providers: org.gradle.api.internal.provider.DefaultProviderFactory_Decorated@490934a2
publicType: org.gradle.api.plugins.BasePluginConvention
reporting: extension 'reporting'
reportsDir: /Users/Ajmal.Kottilingal/dev/dependency-diff-check/build/reports
repositories: repository container
resources: org.gradle.api.internal.resources.DefaultResourceHandler@6469adc8
rootDir: /Users/Ajmal.Kottilingal/dev/dependency-diff-check
rootProject: root project 'dependency-diff-check'
rootScript: false
script: false
scriptHandlerFactory: org.gradle.api.internal.initialization.DefaultScriptHandlerFactory@e204fc2
scriptPluginFactory: org.gradle.configuration.ScriptPluginFactorySelector@4348c3d7
serviceRegistryFactory: org.gradle.internal.service.scopes.ProjectScopeServices$$Lambda$1224/0x00000008014eda28@43e44338
services: ProjectScopeServices
sourceCompatibility: 17
sourceSets: SourceSet container
standardOutputCapture: org.gradle.internal.logging.services.DefaultLoggingManager@3a6bcd45
state: project state 'EXECUTED'
status: integration
subprojects: [project ':dependency-diff-check-client-starter', project ':dependency-diff-check-common-core', project ':dependency-diff-check-service']
targetCompatibility: 17
taskThatOwnsThisObject: null
tasks: task set
testReportDir: /Users/Ajmal.Kottilingal/dev/dependency-diff-check/build/reports/tests
testReportDirName: tests
testResultsDir: /Users/Ajmal.Kottilingal/dev/dependency-diff-check/build/test-results
testResultsDirName: test-results
testing: extension 'testing'
version: 0.0.1-SNAPSHOT

> Task :dependency-diff-check-service:properties

------------------------------------------------------------
Project ':dependency-diff-check-service'
------------------------------------------------------------

allprojects: [project ':dependency-diff-check-service']
ant: org.gradle.api.internal.project.DefaultAntBuilder@414c653a
antBuilderFactory: org.gradle.api.internal.project.DefaultAntBuilderFactory@29a944bf
archivesBaseName: dependency-diff-check-service
artifacts: org.gradle.api.internal.artifacts.dsl.DefaultArtifactHandler_Decorated@3e6c66ed
asDynamicObject: DynamicObject for project ':dependency-diff-check-service'
autoTargetJvmDisabled: false
base: extension 'base'
baseClassLoaderScope: org.gradle.api.internal.initialization.DefaultClassLoaderScope@368ce918
buildDir: /Users/Ajmal.Kottilingal/dev/dependency-diff-check/service/build
buildFile: /Users/Ajmal.Kottilingal/dev/dependency-diff-check/service/build.gradle
buildPath: :
buildScriptSource: org.gradle.groovy.scripts.TextResourceScriptSource@6a0c62c1
buildscript: org.gradle.api.internal.initialization.DefaultScriptHandler@48cbbf0f
childProjects: {}
class: class org.gradle.api.internal.project.DefaultProject_Decorated
classLoaderScope: org.gradle.api.internal.initialization.DefaultClassLoaderScope@2ba49615
clean: task ':dependency-diff-check-service:clean'
components: SoftwareComponentInternal set
configurationActions: org.gradle.configuration.project.DefaultProjectConfigurationActionContainer@76a2c682
configurationTargetIdentifier: org.gradle.configuration.ConfigurationTargetIdentifier$1@7fb1b8fd
configurations: configuration container
convention: org.gradle.internal.extensibility.DefaultConvention@6a1743c3
crossProjectModelAccess: org.gradle.api.internal.project.DefaultCrossProjectModelAccess@33fe2e7c
defaultArtifacts: extension 'defaultArtifacts'
defaultTasks: []
deferredProjectConfiguration: org.gradle.api.internal.project.DeferredProjectConfiguration@650c74aa
dependencies: org.gradle.api.internal.artifacts.dsl.dependencies.DefaultDependencyHandler_Decorated@5fa285f
dependencyFactory: org.gradle.api.internal.artifacts.DefaultDependencyFactory@43abc6a3
dependencyLocking: org.gradle.internal.locking.DefaultDependencyLockingHandler_Decorated@777e1e4d
dependencyMetaDataProvider: org.gradle.internal.service.scopes.ProjectScopeServices$ProjectBackedModuleMetaDataProvider@2727423a
depth: 1
description: null
detachedState: false
displayName: project ':dependency-diff-check-service'
distsDirName: distributions
distsDirectory: extension 'base' property 'distsDirectory'
docsDir: /Users/Ajmal.Kottilingal/dev/dependency-diff-check/service/build/docs
docsDirName: docs
ext: org.gradle.internal.extensibility.DefaultExtraPropertiesExtension@2108cb50
extensions: org.gradle.internal.extensibility.DefaultConvention@6a1743c3
fileOperations: org.gradle.api.internal.file.DefaultFileOperations@75e4b7fe
fileResolver: org.gradle.api.internal.file.BaseDirFileResolver@72ef5379
gradle: build 'dependency-diff-check'
group: com.ajmalab
identityPath: :dependency-diff-check-service
inheritedScope: org.gradle.internal.extensibility.ExtensibleDynamicObject$InheritedDynamicObject@6fc4f98c
internalStatus: property(java.lang.Object, fixed(class java.lang.String, integration))
java: extension 'java'
javaToolchains: extension 'javaToolchains'
layout: org.gradle.api.internal.file.DefaultProjectLayout@871ed6f
libsDirName: libs
libsDirectory: extension 'base' property 'libsDirectory'
listenerBuildOperationDecorator: org.gradle.configuration.internal.DefaultListenerBuildOperationDecorator@5f8f517a
logger: org.gradle.internal.logging.slf4j.OutputEventListenerBackedLogger@f551326
logging: org.gradle.internal.logging.services.DefaultLoggingManager@58fae0d8
model: project ':dependency-diff-check-service'
modelIdentityDisplayName: null
modelRegistry: org.gradle.model.internal.registry.DefaultModelRegistry@50860425
name: dependency-diff-check-service
normalization: org.gradle.normalization.internal.DefaultInputNormalizationHandler_Decorated@18c69f20
objects: org.gradle.api.internal.model.DefaultObjectFactory@1fdb13c2
owner: project ':dependency-diff-check-service'
parent: root project 'dependency-diff-check'
parentIdentifier: root project 'dependency-diff-check'
path: :dependency-diff-check-service
pluginContext: false
pluginManager: org.gradle.api.internal.plugins.DefaultPluginManager_Decorated@10a8ccc1
plugins: [org.gradle.api.plugins.HelpTasksPlugin@7acf7fd6, org.gradle.buildinit.plugins.BuildInitPlugin@51729feb, org.gradle.buildinit.plugins.WrapperPlugin@47c5c8a0, org.gradle.language.base.plugins.LifecycleBasePlugin@2a347b04, org.gradle.api.plugins.BasePlugin@6a3b41f9, org.gradle.api.plugins.JvmEcosystemPlugin@18fe0a8d, org.gradle.api.plugins.ReportingBasePlugin@7cc7d391, org.gradle.api.plugins.JvmToolchainsPlugin@3ce8964b, org.gradle.api.plugins.JavaBasePlugin$Inject@2062344f, org.gradle.testing.base.plugins.TestSuiteBasePlugin@39807af9, org.gradle.api.plugins.JvmTestSuitePlugin@745a3d6a, org.gradle.api.plugins.JavaPlugin@79013b3e]
processOperations: org.gradle.process.internal.DefaultExecActionFactory$DecoratingExecActionFactory@706f55dd
project: project ':dependency-diff-check-service'
projectConfigurator: org.gradle.api.internal.project.BuildOperationCrossProjectConfigurator@24d1dca
projectDir: /Users/Ajmal.Kottilingal/dev/dependency-diff-check/service
projectEvaluationBroadcaster: ProjectEvaluationListener broadcast
projectEvaluator: org.gradle.configuration.project.LifecycleProjectEvaluator@5e2270e9
projectPath: :dependency-diff-check-service
properties: {...}
providers: org.gradle.api.internal.provider.DefaultProviderFactory_Decorated@490934a2
publicType: org.gradle.api.plugins.BasePluginConvention
reporting: extension 'reporting'
reportsDir: /Users/Ajmal.Kottilingal/dev/dependency-diff-check/service/build/reports
repositories: repository container
resources: org.gradle.api.internal.resources.DefaultResourceHandler@5c7ceb6f
rootDir: /Users/Ajmal.Kottilingal/dev/dependency-diff-check
rootProject: root project 'dependency-diff-check'
rootScript: false
script: false
scriptHandlerFactory: org.gradle.api.internal.initialization.DefaultScriptHandlerFactory@e204fc2
scriptPluginFactory: org.gradle.configuration.ScriptPluginFactorySelector@4348c3d7
serviceRegistryFactory: org.gradle.internal.service.scopes.ProjectScopeServices$$Lambda$1224/0x00000008014eda28@43e44338
services: ProjectScopeServices
sourceCompatibility: 17
sourceSets: SourceSet container
standardOutputCapture: org.gradle.internal.logging.services.DefaultLoggingManager@58fae0d8
state: project state 'EXECUTED'
status: integration
subprojects: []
targetCompatibility: 17
taskThatOwnsThisObject: null
tasks: task set
test: task ':dependency-diff-check-service:test'
testReportDir: /Users/Ajmal.Kottilingal/dev/dependency-diff-check/service/build/reports/tests
testReportDirName: tests
testResultsDir: /Users/Ajmal.Kottilingal/dev/dependency-diff-check/service/build/test-results
testResultsDirName: test-results
testing: extension 'testing'
version: unspecified

> Task :dependency-diff-check-common-core:properties

------------------------------------------------------------
Project ':dependency-diff-check-common-core'
------------------------------------------------------------

allprojects: [project ':dependency-diff-check-common-core']
ant: org.gradle.api.internal.project.DefaultAntBuilder@2d7fe18
antBuilderFactory: org.gradle.api.internal.project.DefaultAntBuilderFactory@3d29868a
archivesBaseName: dependency-diff-check-common-core
artifacts: org.gradle.api.internal.artifacts.dsl.DefaultArtifactHandler_Decorated@1e7f610f
asDynamicObject: DynamicObject for project ':dependency-diff-check-common-core'
autoTargetJvmDisabled: false
base: extension 'base'
baseClassLoaderScope: org.gradle.api.internal.initialization.DefaultClassLoaderScope@368ce918
buildDir: /Users/Ajmal.Kottilingal/dev/dependency-diff-check/common-core/build
buildFile: /Users/Ajmal.Kottilingal/dev/dependency-diff-check/common-core/build.gradle
buildPath: :
buildScriptSource: org.gradle.groovy.scripts.TextResourceScriptSource@216d13c6
buildscript: org.gradle.api.internal.initialization.DefaultScriptHandler@1c770ecd
childProjects: {}
class: class org.gradle.api.internal.project.DefaultProject_Decorated
classLoaderScope: org.gradle.api.internal.initialization.DefaultClassLoaderScope@6d9bc61f
clean: task ':dependency-diff-check-common-core:clean'
components: SoftwareComponentInternal set
configurationActions: org.gradle.configuration.project.DefaultProjectConfigurationActionContainer@889b5ba
configurationTargetIdentifier: org.gradle.configuration.ConfigurationTargetIdentifier$1@4133744e
configurations: configuration container
convention: org.gradle.internal.extensibility.DefaultConvention@65960bc3
crossProjectModelAccess: org.gradle.api.internal.project.DefaultCrossProjectModelAccess@33fe2e7c
defaultArtifacts: extension 'defaultArtifacts'
defaultTasks: []
deferredProjectConfiguration: org.gradle.api.internal.project.DeferredProjectConfiguration@560e9250
dependencies: org.gradle.api.internal.artifacts.dsl.dependencies.DefaultDependencyHandler_Decorated@13efd94e
dependencyFactory: org.gradle.api.internal.artifacts.DefaultDependencyFactory@43abc6a3
dependencyLocking: org.gradle.internal.locking.DefaultDependencyLockingHandler_Decorated@49245e79
dependencyMetaDataProvider: org.gradle.internal.service.scopes.ProjectScopeServices$ProjectBackedModuleMetaDataProvider@1c399c8d
depth: 1
description: null
detachedState: false
displayName: project ':dependency-diff-check-common-core'
distsDirName: distributions
distsDirectory: extension 'base' property 'distsDirectory'
docsDir: /Users/Ajmal.Kottilingal/dev/dependency-diff-check/common-core/build/docs
docsDirName: docs
ext: org.gradle.internal.extensibility.DefaultExtraPropertiesExtension@3e871148
extensions: org.gradle.internal.extensibility.DefaultConvention@65960bc3
fileOperations: org.gradle.api.internal.file.DefaultFileOperations@534f9a7f
fileResolver: org.gradle.api.internal.file.BaseDirFileResolver@3873c1f9
gradle: build 'dependency-diff-check'
group: com.ajmalab
identityPath: :dependency-diff-check-common-core
inheritedScope: org.gradle.internal.extensibility.ExtensibleDynamicObject$InheritedDynamicObject@687eef8e
internalStatus: property(java.lang.Object, fixed(class java.lang.String, integration))
java: extension 'java'
javaToolchains: extension 'javaToolchains'
layout: org.gradle.api.internal.file.DefaultProjectLayout@6e75ae98
libsDirName: libs
libsDirectory: extension 'base' property 'libsDirectory'
listenerBuildOperationDecorator: org.gradle.configuration.internal.DefaultListenerBuildOperationDecorator@5f8f517a
logger: org.gradle.internal.logging.slf4j.OutputEventListenerBackedLogger@f551326
logging: org.gradle.internal.logging.services.DefaultLoggingManager@41464d4b
model: project ':dependency-diff-check-common-core'
modelIdentityDisplayName: null
modelRegistry: org.gradle.model.internal.registry.DefaultModelRegistry@679c3093
name: dependency-diff-check-common-core
normalization: org.gradle.normalization.internal.DefaultInputNormalizationHandler_Decorated@7881b171
objects: org.gradle.api.internal.model.DefaultObjectFactory@3bc3c197
owner: project ':dependency-diff-check-common-core'
parent: root project 'dependency-diff-check'
parentIdentifier: root project 'dependency-diff-check'
path: :dependency-diff-check-common-core
pluginContext: false
pluginManager: org.gradle.api.internal.plugins.DefaultPluginManager_Decorated@489cefb1
plugins: [org.gradle.api.plugins.HelpTasksPlugin@736880b9, org.gradle.buildinit.plugins.BuildInitPlugin@1e93f152, org.gradle.buildinit.plugins.WrapperPlugin@660e716, org.gradle.language.base.plugins.LifecycleBasePlugin@3ba1ad2a, org.gradle.api.plugins.BasePlugin@15373d0c, org.gradle.api.plugins.JvmEcosystemPlugin@75970860, org.gradle.api.plugins.ReportingBasePlugin@1d83c927, org.gradle.api.plugins.JvmToolchainsPlugin@325c6fdf, org.gradle.api.plugins.JavaBasePlugin$Inject@26b75b7, org.gradle.testing.base.plugins.TestSuiteBasePlugin@2a92e1f7, org.gradle.api.plugins.JvmTestSuitePlugin@4e77e6dd, org.gradle.api.plugins.JavaPlugin@6c4c5c19, org.gradle.api.plugins.JavaLibraryPlugin@5ce13fdd]
processOperations: org.gradle.process.internal.DefaultExecActionFactory$DecoratingExecActionFactory@4e824699
project: project ':dependency-diff-check-common-core'
projectConfigurator: org.gradle.api.internal.project.BuildOperationCrossProjectConfigurator@24d1dca
projectDir: /Users/Ajmal.Kottilingal/dev/dependency-diff-check/common-core
projectEvaluationBroadcaster: ProjectEvaluationListener broadcast
projectEvaluator: org.gradle.configuration.project.LifecycleProjectEvaluator@5e2270e9
projectPath: :dependency-diff-check-common-core
properties: {...}
providers: org.gradle.api.internal.provider.DefaultProviderFactory_Decorated@490934a2
publicType: org.gradle.api.plugins.BasePluginConvention
reporting: extension 'reporting'
reportsDir: /Users/Ajmal.Kottilingal/dev/dependency-diff-check/common-core/build/reports
repositories: repository container
resources: org.gradle.api.internal.resources.DefaultResourceHandler@3b7d6c01
rootDir: /Users/Ajmal.Kottilingal/dev/dependency-diff-check
rootProject: root project 'dependency-diff-check'
rootScript: false
script: false
scriptHandlerFactory: org.gradle.api.internal.initialization.DefaultScriptHandlerFactory@e204fc2
scriptPluginFactory: org.gradle.configuration.ScriptPluginFactorySelector@4348c3d7
serviceRegistryFactory: org.gradle.internal.service.scopes.ProjectScopeServices$$Lambda$1224/0x00000008014eda28@43e44338
services: ProjectScopeServices
sourceCompatibility: 17
sourceSets: SourceSet container
standardOutputCapture: org.gradle.internal.logging.services.DefaultLoggingManager@41464d4b
state: project state 'EXECUTED'
status: integration
subprojects: []
targetCompatibility: 17
taskThatOwnsThisObject: null
tasks: task set
test: task ':dependency-diff-check-common-core:test'
testReportDir: /Users/Ajmal.Kottilingal/dev/dependency-diff-check/common-core/build/reports/tests
testReportDirName: tests
testResultsDir: /Users/Ajmal.Kottilingal/dev/dependency-diff-check/common-core/build/test-results
testResultsDirName: test-results
testing: extension 'testing'
version: 2.0.0

> Task :dependency-diff-check-client-starter:properties

------------------------------------------------------------
Project ':dependency-diff-check-client-starter'
------------------------------------------------------------

allprojects: [project ':dependency-diff-check-client-starter']
ant: org.gradle.api.internal.project.DefaultAntBuilder@40ae05f
antBuilderFactory: org.gradle.api.internal.project.DefaultAntBuilderFactory@4e8f6899
archivesBaseName: dependency-diff-check-client-starter
artifacts: org.gradle.api.internal.artifacts.dsl.DefaultArtifactHandler_Decorated@55da2835
asDynamicObject: DynamicObject for project ':dependency-diff-check-client-starter'
autoTargetJvmDisabled: false
base: extension 'base'
baseClassLoaderScope: org.gradle.api.internal.initialization.DefaultClassLoaderScope@368ce918
buildDir: /Users/Ajmal.Kottilingal/dev/dependency-diff-check/client-starter/build
buildFile: /Users/Ajmal.Kottilingal/dev/dependency-diff-check/client-starter/build.gradle
buildPath: :
buildScriptSource: org.gradle.groovy.scripts.TextResourceScriptSource@332e7157
buildscript: org.gradle.api.internal.initialization.DefaultScriptHandler@60756775
childProjects: {}
class: class org.gradle.api.internal.project.DefaultProject_Decorated
classLoaderScope: org.gradle.api.internal.initialization.DefaultClassLoaderScope@394b0818
clean: task ':dependency-diff-check-client-starter:clean'
components: SoftwareComponentInternal set
configurationActions: org.gradle.configuration.project.DefaultProjectConfigurationActionContainer@558b0042
configurationTargetIdentifier: org.gradle.configuration.ConfigurationTargetIdentifier$1@51941146
configurations: configuration container
convention: org.gradle.internal.extensibility.DefaultConvention@117066ea
crossProjectModelAccess: org.gradle.api.internal.project.DefaultCrossProjectModelAccess@33fe2e7c
defaultArtifacts: extension 'defaultArtifacts'
defaultTasks: []
deferredProjectConfiguration: org.gradle.api.internal.project.DeferredProjectConfiguration@5af5f57e
dependencies: org.gradle.api.internal.artifacts.dsl.dependencies.DefaultDependencyHandler_Decorated@57716772
dependencyFactory: org.gradle.api.internal.artifacts.DefaultDependencyFactory@43abc6a3
dependencyLocking: org.gradle.internal.locking.DefaultDependencyLockingHandler_Decorated@261e52fb
dependencyManagement: io.spring.gradle.dependencymanagement.internal.dsl.StandardDependencyManagementExtension@344b27e4
dependencyMetaDataProvider: org.gradle.internal.service.scopes.ProjectScopeServices$ProjectBackedModuleMetaDataProvider@41e07a16
depth: 1
description: null
detachedState: false
displayName: project ':dependency-diff-check-client-starter'
distsDirName: distributions
distsDirectory: extension 'base' property 'distsDirectory'
docsDir: /Users/Ajmal.Kottilingal/dev/dependency-diff-check/client-starter/build/docs
docsDirName: docs
ext: org.gradle.internal.extensibility.DefaultExtraPropertiesExtension@1d76dfaf
extensions: org.gradle.internal.extensibility.DefaultConvention@117066ea
fileOperations: org.gradle.api.internal.file.DefaultFileOperations@492bdf70
fileResolver: org.gradle.api.internal.file.BaseDirFileResolver@2432b5b6
gradle: build 'dependency-diff-check'
group: com.ajmalab
identityPath: :dependency-diff-check-client-starter
inheritedScope: org.gradle.internal.extensibility.ExtensibleDynamicObject$InheritedDynamicObject@66c05bec
internalStatus: property(java.lang.Object, fixed(class java.lang.String, integration))
java: extension 'java'
javaToolchains: extension 'javaToolchains'
layout: org.gradle.api.internal.file.DefaultProjectLayout@4de07b3c
libsDirName: libs
libsDirectory: extension 'base' property 'libsDirectory'
listenerBuildOperationDecorator: org.gradle.configuration.internal.DefaultListenerBuildOperationDecorator@5f8f517a
logger: org.gradle.internal.logging.slf4j.OutputEventListenerBackedLogger@f551326
logging: org.gradle.internal.logging.services.DefaultLoggingManager@5aa7edaf
model: project ':dependency-diff-check-client-starter'
modelIdentityDisplayName: null
modelRegistry: org.gradle.model.internal.registry.DefaultModelRegistry@6b097c48
name: dependency-diff-check-client-starter
normalization: org.gradle.normalization.internal.DefaultInputNormalizationHandler_Decorated@f7255fe
objects: org.gradle.api.internal.model.DefaultObjectFactory@4185f6b7
owner: project ':dependency-diff-check-client-starter'
parent: root project 'dependency-diff-check'
parentIdentifier: root project 'dependency-diff-check'
path: :dependency-diff-check-client-starter
pluginContext: false
pluginManager: org.gradle.api.internal.plugins.DefaultPluginManager_Decorated@242ab1bd
plugins: [org.gradle.api.plugins.HelpTasksPlugin@2d0141d0, org.gradle.buildinit.plugins.BuildInitPlugin@4e5a09c, org.gradle.buildinit.plugins.WrapperPlugin@5b2d5fae, org.gradle.language.base.plugins.LifecycleBasePlugin@276d7db4, org.gradle.api.plugins.BasePlugin@5c6900b, org.gradle.api.plugins.JvmEcosystemPlugin@16e85b51, org.gradle.api.plugins.ReportingBasePlugin@33279e10, org.gradle.api.plugins.JvmToolchainsPlugin@385d964b, org.gradle.api.plugins.JavaBasePlugin$Inject@652fb60a, org.gradle.testing.base.plugins.TestSuiteBasePlugin@16a46709, org.gradle.api.plugins.JvmTestSuitePlugin@3186b45d, org.gradle.api.plugins.JavaPlugin@67a7c07c, org.gradle.api.plugins.JavaLibraryPlugin@1b7e6052, org.springframework.boot.gradle.plugin.SpringBootPlugin@4f99ce79, io.spring.gradle.dependencymanagement.DependencyManagementPlugin@151b19c4]
processOperations: org.gradle.process.internal.DefaultExecActionFactory$DecoratingExecActionFactory@4e1724c
project: project ':dependency-diff-check-client-starter'
projectConfigurator: org.gradle.api.internal.project.BuildOperationCrossProjectConfigurator@24d1dca
projectDir: /Users/Ajmal.Kottilingal/dev/dependency-diff-check/client-starter
projectEvaluationBroadcaster: ProjectEvaluationListener broadcast
projectEvaluator: org.gradle.configuration.project.LifecycleProjectEvaluator@5e2270e9
projectPath: :dependency-diff-check-client-starter
properties: {...}
providers: org.gradle.api.internal.provider.DefaultProviderFactory_Decorated@490934a2
publicType: org.gradle.api.plugins.BasePluginConvention
reporting: extension 'reporting'
reportsDir: /Users/Ajmal.Kottilingal/dev/dependency-diff-check/client-starter/build/reports
repositories: repository container
resources: org.gradle.api.internal.resources.DefaultResourceHandler@19a11a8b
rootDir: /Users/Ajmal.Kottilingal/dev/dependency-diff-check
rootProject: root project 'dependency-diff-check'
rootScript: false
script: false
scriptHandlerFactory: org.gradle.api.internal.initialization.DefaultScriptHandlerFactory@e204fc2
scriptPluginFactory: org.gradle.configuration.ScriptPluginFactorySelector@4348c3d7
serviceRegistryFactory: org.gradle.internal.service.scopes.ProjectScopeServices$$Lambda$1224/0x00000008014eda28@43e44338
services: ProjectScopeServices
sourceCompatibility: 17
sourceSets: SourceSet container
springBoot: extension 'springBoot'
standardOutputCapture: org.gradle.internal.logging.services.DefaultLoggingManager@5aa7edaf
state: project state 'EXECUTED'
status: integration
subprojects: []
targetCompatibility: 17
taskThatOwnsThisObject: null
tasks: task set
test: task ':dependency-diff-check-client-starter:test'
testReportDir: /Users/Ajmal.Kottilingal/dev/dependency-diff-check/client-starter/build/reports/tests
testReportDirName: tests
testResultsDir: /Users/Ajmal.Kottilingal/dev/dependency-diff-check/client-starter/build/test-results
testResultsDirName: test-results
testing: extension 'testing'
version: 0.0.1-SNAPSHOT

BUILD SUCCESSFUL in 1s
4 actionable tasks: 4 executed
